[dallasao-staging.b12sites.com/home.html]
[backblue.gif]
[fade.gif]
[index.html]
[cdn.b12.io/client_media/ZVjVPBgb/e11ec1e0-5464-11e9-a2ef-0242ac110003-AO_FAv.png]
[diffuser-cdn.app-us1.com_443/diffuser/diffuser.js]
[connect.facebook.net/en_US/fbevents.js]
[code.jquery.com/jquery-3.3.1.min.js]
[dallasao-staging.b12sites.com/assets/fonts/fontawesome-webfont-440d3a13-5a93-4da4-8f67-c0a65f82308e.eot]
[dallasao-staging.b12sites.com/assets/fonts/fontawesome-webfont-440d3a13-5a93-4da4-8f67-c0a65f82308ed41d.eot]
[dallasao-staging.b12sites.com/assets/fonts/fontawesome-webfont-440d3a13-5a93-4da4-8f67-c0a65f82308e.woff2]
[dallasao-staging.b12sites.com/assets/fonts/fontawesome-webfont-440d3a13-5a93-4da4-8f67-c0a65f82308e.woff]
[dallasao-staging.b12sites.com/assets/fonts/fontawesome-webfont-440d3a13-5a93-4da4-8f67-c0a65f82308e.ttf]
[dallasao-staging.b12sites.com/assets/fonts/fontawesome-webfont-440d3a13-5a93-4da4-8f67-c0a65f82308e.svg]
[dallasao-staging.b12sites.com/assets/style-440d3a13-5a93-4da4-8f67-c0a65f82308e.css]
[cdn.b12.io/client_media/ZVjVPBgb/38ad1dac-7f31-11e9-a83f-0242ac110003-Favicon-removebg.png]
[dallasao-staging.b12sites.com/index.html]
[dallasao-staging.b12sites.com/about.html]
[dallasao-staging.b12sites.com/career.html]
[dallasao-staging.b12sites.com/contact.html]
[dallasao-staging.b12sites.com/blog-feed.html]
[cdn.b12.io/client_media/ZVjVPBgb/6764b442-9044-11e9-9605-0242ac110003-Intro_ad_20_secods-hero_image.jpg]
[dallasao-staging.b12sites.com/index-2.html]
[dallasao-staging.b12sites.com/assets/bundle-440d3a13-5a93-4da4-8f67-c0a65f82308e.js]
[dallasao-staging.b12sites.com/blog-post-start-a-new-career-with-dallas-altig-orlovic.html]
[www.google-analytics.com/analytics.js]
[dallasao-staging.b12sites.com/home.html]
[www.googletagmanager.com/gtm5445.html]
[dallasao-staging.b12sites.com/POST.18.delayed]
[connect.facebook.net/en_US/fbevents.js]
[dallasao-staging.b12sites.com/assets/fonts/fontawesome-webfont-440d3a13-5a93-4da4-8f67-c0a65f82308e.svg]
[dallasao-staging.b12sites.com/assets/icon-phone-white-440d3a13-5a93-4da4-8f67-c0a65f82308e.png]
[dallasao-staging.b12sites.com/assets/icon-mail-white-440d3a13-5a93-4da4-8f67-c0a65f82308e.png]
[dallasao-staging.b12sites.com/assets/icon-pin-white-440d3a13-5a93-4da4-8f67-c0a65f82308e.png]
[dallasao-staging.b12sites.com/assets/icon-twitter-white-440d3a13-5a93-4da4-8f67-c0a65f82308e.png]
[dallasao-staging.b12sites.com/assets/icon-facebook-white-440d3a13-5a93-4da4-8f67-c0a65f82308e.png]
[dallasao-staging.b12sites.com/assets/linkedin-440d3a13-5a93-4da4-8f67-c0a65f82308e.png]
[dallasao-staging.b12sites.com/assets/icon-instagram-white-440d3a13-5a93-4da4-8f67-c0a65f82308e.png]
[dallasao-staging.b12sites.com/assets/style-440d3a13-5a93-4da4-8f67-c0a65f82308e.css]
[dallasao-staging.b12sites.com/index.html]
[cdn.b12.io/client_media/ZVjVPBgb/3971f63c-4b82-11e9-bb8f-0242ac110002-jpg-hero_image.jpg]
[cdn.b12.io/media/2680444a-3c8b-11e8-8a81-0242ac11000f-people-coffee-tea-meeting-thumbnail_image.jpg]
[cdn.b12.io/client_media/ZVjVPBgb/8632c2c4-4b84-11e9-9d4b-0242ac110002-85e061a0-4b84-11e9-9d4b-0242ac110002-photo-1533478784933-5fdbddc8ea7c-thumbnail_image.jpg]
[cdn.b12.io/media/f43fe1d6-3cab-11e8-9f2d-0242ac11000f-jpg-thumbnail_image.jpg]
[cdn.b12.io/client_media/ZVjVPBgb/39ed2ea6-4b82-11e9-bb8f-0242ac110002-jpg-thumbnail_image.jpg]
[cdn.b12.io/client_media/ZVjVPBgb/fe02c47c-5456-11e9-bc90-0242ac110003-Forbes.png]
[cdn.b12.io/client_media/ZVjVPBgb/ad4d1eda-4b8a-11e9-a4c2-0242ac110002-acc5a9f0-4b8a-11e9-a4c2-0242ac110002-photo-1512577107354-cc925a586320-thumbnail_image.jpg]
[cdn.b12.io/client_media/ZVjVPBgb/6e889578-545c-11e9-85f7-0242ac110003-why.png]
[cdn.b12.io/client_media/ZVjVPBgb/15b0192e-6bb0-11e9-a634-0242ac110003-grateful.png]
[cdn.b12.io/client_media/ZVjVPBgb/b527862e-545c-11e9-b3d6-0242ac110003-life_after.png]
[dallasao-staging.b12sites.com/about.html]
[cdn.b12.io/client_media/ZVjVPBgb/37ea4568-5464-11e9-b4f3-0242ac110003-2018_December_BOD_Meeting_in_Cabo_Highlights-hero_image.jpg]
[dallasao-staging.b12sites.com/career.html]
[dallasao-staging.b12sites.com/contact.html]
[dallasao-staging.b12sites.com/jobsapply.html]
[cdn.b12.io/client_media/ZVjVPBgb/2c82a5f8-3f1f-11e9-9c8a-0242ac110002-r71-shutterstock397301182-0.jpg]
[dallasao-staging.b12sites.com/blog-post-how-can-i-start-my-own-business-our-tips-for-success.html]
[cdn.b12.io/client_media/ZVjVPBgb/48281248-8baa-11e9-9fd6-0242ac110002-jpg-thumbnail_image.jpg]
[cdn.b12.io/client_media/ZVjVPBgb/5142622e-87c8-11e9-8894-0242ac110002-Intro_Facebook_Ad-thumbnail_image.jpg]
[cdn.b12.io/client_media/ZVjVPBgb/516b5fee-87c8-11e9-8894-0242ac110002-Intro_Facebook_Ad-hero_image.jpg]
[dallasao-staging.b12sites.com/blog-feed.html]
[dallasao-staging.b12sites.com/index-2.html]
[dallasao-staging.b12sites.com/blog-post-start-a-new-career-with-dallas-altig-orlovic.html]
[dallasao-staging.b12sites.com/POST.html]
[d226aj4ao1t61q.cloudfront.net/esfkyjh1u_forms-close-dark.png]
[d226aj4ao1t61q.cloudfront.net/hh9ujqgv5_aclogo_li.png]
[d226aj4ao1t61q.cloudfront.net/jftq2c8s_aclogo_dk.png]
[www.google.com/recaptcha/apifdc3.js]
[d3rxaij56vjege.cloudfront.net/form-serialize/0.3/serialize.min.js]
[cdnjs.cloudflare.com/ajax/libs/moment.js/2.13.0/moment.min.js]
[d3rxaij56vjege.cloudfront.net/pikaday/1.3.3/pikaday.js]
[dallasao-staging.b12sites.com/jobsapply.html]
[dallasao-staging.b12sites.com/blog-post-how-can-i-start-my-own-business-our-tips-for-success.html]
[d3rxaij56vjege.cloudfront.net/pikaday/1.3.3/pikaday.css]
